// Vitest Snapshot v1, https://vitest.dev/guide/snapshot.html

exports[`Campaign > renders main campaign image with correct attributes 1`] = `
<DocumentFragment>
  <div
    class="campaign"
  >
    <img
      alt="キャンペーンメインビジュアル"
      class="campaign__img"
      src="fv_pc.webp"
    />
    <div>
      <a
        aria-label="コミュニティを開く"
        href="/"
      >
        <img
          alt="コミュニティ参加案内"
          src="community_pc.webp"
        />
      </a>
    </div>
    <div>
      <button
        aria-label="体験授業の申し込み"
        class="campaign__btn"
      >
        無料で記事を購読する
      </button>
    </div>
    <div>
      <a>
        <img
          alt="バナー"
          class="campaign__img undefined"
          src="banner.webp"
        />
      </a>
    </div>
    <div>
      <img
        alt="アクセント"
        src="accent.webp"
      />
    </div>
  </div>
</DocumentFragment>
`;
